<?xml version="1.0" encoding="UTF-8"?>
<testsuites name="jest tests" tests="3" failures="0" errors="0" time="2.594">
  <testsuite name="POST /texts handler (unit)" errors="0" failures="0" skipped="0" timestamp="2025-06-12T18:21:40" time="2.468" tests="3">
    <testcase classname="POST /texts handler (unit) returns 400 when text is missing" name="POST /texts handler (unit) returns 400 when text is missing" time="0.005">
    </testcase>
    <testcase classname="POST /texts handler (unit) inserts into DB and invalidates cache" name="POST /texts handler (unit) inserts into DB and invalidates cache" time="0.002">
    </testcase>
    <testcase classname="POST /texts handler (unit) handles DB errors with 500" name="POST /texts handler (unit) handles DB errors with 500" time="0.023">
    </testcase>
  </testsuite>
</testsuites>